[OrderedDict([('true-value', True), ('false-value', False)])]
[]
[]
